// Jest Snapshot v1, https://goo.gl/fbAQLP

exports[`Render a main 1`] = `
<main>
  <Header />
  <div
    className="mui--appbar-height"
  />
  <Container
    className=""
    fluid={false}
  >
    <Panel
      className="panel-container"
    >
      <Connect(HomePage) />
    </Panel>
  </Container>
  <Footer />
</main>
`;
